✔ appearance keeps separate palettes, validates colors and merges durable partial updates (5459.1709ms)
✔ billing verifies raw signatures and ignores unrelated events without granting a plan (4163.0907ms)
✔ paid access requires a bound checkout and current matching subscription; cancellation preserves beta (146.785ms)
✔ taste uses known artists, resumes across sessions and recommendations follow real listening (3632.8796ms)
✔ friends are recipient-bound, jams are hidden and listener pause never changes host transport (3433.0845ms)
✔ public playlist validation, collage, paid imports and uploaded-cover replacement clean actual assets (2442.7986ms)
✔ email confirmation is one-use and account purge, bans, registration and release upload enforce authority (4986.1102ms)
✔ media cleanup preserves failed deletes and still clears later assets (2481.3959ms)
✔ deleting a playing own track publishes the cleared account transport (4705.2877ms)
✔ account Connect mirrors a single output, retains tabs, revokes oldest devices and changes passwords safely (5972.7241ms)
✔ real registration, unique identities, protected roles and sessions (3375.9278ms)
✔ audio ingestion, protected streams and exact byte ranges (393.0064ms)
✔ library mutations persist and public profiles hide private email (218.6594ms)
✔ audio waveform respects private track access and serves measured PCM data (2885.7431ms)
✔ external lyrics are personal and consumer integration messages contain no developer setup (2540.9496ms)
✔ private SoundCloud OAuth metadata remains account-scoped and cannot enter public search (954.7928ms)
✔ rooms enforce controller permission, grant streams only while joined (2900.6634ms)
✔ device commands are scoped to owner and transfer rolls back on failure (1046.2625ms)
✔ QR/native challenges are pending, secret-bound and consumed exactly once (510.2857ms)
✔ password reset invalidates existing sessions and reset link replay (1007.086ms)
✔ provider unavailability, SSRF protections, parser and cryptographic invariants (143.4793ms)
✔ playlist limits remain enforced under concurrent creation and import validates malformed rows (1022.5041ms)
✔ export imports cannot replace verified metadata in the shared catalog (122.7757ms)
✔ durable store survives reopen and concurrent updates preserve every change (304.988ms)
✔ diagnostics redact secrets, group concurrent repeats and protect admin workflow (11269.9741ms)
✔ LRCLIB access checks, coalesced matching, search, import and manual priority (4832.7735ms)
✔ Discord activity is OAuth headless Listening with real metadata, two URLs and progress (10.7423ms)
✔ Free cannot start OAuth, opt in through either settings endpoint or join host presence (6702.7518ms)
✔ OAuth uses PKCE and one-use session-bound state, stores identity and encrypted tokens, disallows duplicate link (3444.5375ms)
✔ Canonical output publishes once, coalesces seeks, clears pause and resumes without client Discord (3697.9822ms)
✔ Refresh rotates encrypted OAuth token and revoke/unlink cannot be resurrected by pending publish (3005.0831ms)
✔ Rate limits back off, invalid grants require reconnect, and old identify grants cannot publish (3365.9309ms)
✔ Only the selected output wins across controllers; independent mode does not publish two activities (5663.1164ms)
✔ Failed unlink cleanup persists encrypted, retries after restart-style tick, never resurrects a connection (3692.7912ms)
✔ Selected-device session expiry and plan downgrade clear the server activity (10115.2037ms)
✔ Listen together requires consent, friends and live host; then ordinary Jam permissions remain (6805.416ms)
✔ OAuth callbacks are exact, server-owned and separate YouTube search from account login (5.9882ms)
✔ room listening has one account output, deduplicated tabs, accurate transfer, room cleanup and real session revocation (7659.1519ms)
✔ a late transfer ACK from an expired target session cannot acquire output ownership (4367.5977ms)
✔ own-device room controls cannot bypass listener permissions and volume stays local (9679.9802ms)
✔ OAuth browser state, exact redirect/token exchange, replay and revoked originating session are enforced (6355.5467ms)
✔ audio matching rejects other artists, live versions and unknown duration; rights and CDN policy do not infer permission from availability (24.0847ms)
✔ extractor work is bounded and shared jobs release their worker slots on success and failure (406.4737ms)
✔ permitted source audio uses native same-origin range/download endpoints, expires safely and unpermitted audio stays official (7266.4816ms)
✔ automatic locale understands weighted browser tags and country choices, without private IP geolocation (63.2041ms)
✔ bundled country-only database resolves real IPv4/IPv6 locally and includes checked provenance (4213.5439ms)
✔ server error catalogs are complete and preserve stable codes and Russian-specific detail (21.1201ms)
✔ locale, durable language settings, localized HTTP errors and real download integrity are enforced (6061.5544ms)
✔ lyrics distinguish hour timestamps from standard LRC minutes and fractions (12.6987ms)
✔ repeated LRC times, metadata and untimed lines retain their meaning (1.1451ms)
✔ invalid clock fields cannot introduce impossible synchronized positions (1.4552ms)
✔ Mongo concurrent changes survive more than ten conflicting readers (810.8694ms)
✔ Mongo migrated records acquire a revision without losing concurrent changes (280.153ms)
✔ Mongo missing records are created once and no-op/error callbacks preserve data (418.6507ms)
✔ Native CAPTCHA bridge is secret protected, one-use and never transfers a session (5138.0718ms)
✔ end notifications consume only the expected track/revision; repeat and final stop stay shared (13.563ms)
✔ real sockets keep two playback surfaces online, reconnect at live position and deduplicate concurrent room endings (9832.6923ms)
✔ room visibility, short invitations, concurrent participation quotas and profile asset cleanup are enforced (12823.4147ms)
✔ Search finds artist, genre and personal lyric words without leaking them (9062.9286ms)
✔ Lyrics normalize video credits, recover album mismatch and keep timing honest (419.1116ms)
✔ public SoundCloud parser reads track metadata without executing scripts or taking client credentials (390.111ms)
✔ Russian public search preserves UTF-8, hydrates only public tracks and never follows supplied API URLs (294.8888ms)
✔ public fetch blocks external redirects, limits payloads and reports upstream failures (25.5801ms)
✔ anonymous search reuses metadata and concurrent identical requests while bounding upstream work (296.8058ms)
✔ real PCM waveform keeps silence quiet and measures changing audio amplitude (4180.0403ms)
✔ SoundCloud envelopes are bounded, normalized and never fetch arbitrary hosts or follow redirects (55.0078ms)
ℹ tests 66
ℹ suites 0
ℹ pass 66
ℹ fail 0
ℹ cancelled 0
ℹ skipped 0
ℹ todo 0
ℹ duration_ms 270492.8992
