
> @glukwave/web@0.1.0 build
> tsc -b && vite build

vite v8.3.2 building client environment for production...
transforming...
✓ 1857 modules transformed.
rendering chunks...
computing gzip size...
dist/index.html                             0.84 kB │ gzip:   0.46 kB
dist/mini.html                              1.45 kB │ gzip:   0.80 kB
dist/assets/motion-controls-CmiEdlXY.css   10.09 kB │ gzip:   2.64 kB
dist/assets/main-CScApTGw.css             281.16 kB │ gzip:  51.40 kB
dist/assets/mini-etxMz_og.js                3.25 kB │ gzip:   1.32 kB
dist/assets/main-h9GP9llD.js              291.78 kB │ gzip:  79.33 kB
dist/assets/hls-D9b4QHpD.js               574.74 kB │ gzip: 178.98 kB
dist/assets/motion-controls-BBwx1I0Q.js   766.00 kB │ gzip: 231.52 kB

✓ built in 1.71s
[plugin builtin:vite-reporter] 
(!) Some chunks are larger than 500 kB after minification. Consider:
- Using dynamic import() to code-split the application
- Use build.rolldownOptions.output.codeSplitting to improve chunking: https://rolldown.rs/reference/OutputOptions.codeSplitting
- Adjust chunk size limit for this warning via build.chunkSizeWarningLimit.
